Archive member included to satisfy reference by file (symbol)

c:/ac6/systemworkbench/plugins/fr.ac6.mcu.externaltools.arm-none.win32_1.17.0.201812190825/tools/compiler/bin/../lib/gcc/arm-none-eabi/7.3.1/thumb/v6-m\libgcc.a(_udivsi3.o)
                              CPAL_Driver/src/stm32f0xx_i2c_cpal.o (__aeabi_uidiv)
c:/ac6/systemworkbench/plugins/fr.ac6.mcu.externaltools.arm-none.win32_1.17.0.201812190825/tools/compiler/bin/../lib/gcc/arm-none-eabi/7.3.1/thumb/v6-m\libgcc.a(_dvmd_tls.o)
                              c:/ac6/systemworkbench/plugins/fr.ac6.mcu.externaltools.arm-none.win32_1.17.0.201812190825/tools/compiler/bin/../lib/gcc/arm-none-eabi/7.3.1/thumb/v6-m\libgcc.a(_udivsi3.o) (__aeabi_idiv0)
c:/ac6/systemworkbench/plugins/fr.ac6.mcu.externaltools.arm-none.win32_1.17.0.201812190825/tools/compiler/bin/../lib/gcc/arm-none-eabi/7.3.1/../../../../arm-none-eabi/lib/thumb/v6-m\libc.a(lib_a-errno.o)
                              src/syscalls.o (__errno)
c:/ac6/systemworkbench/plugins/fr.ac6.mcu.externaltools.arm-none.win32_1.17.0.201812190825/tools/compiler/bin/../lib/gcc/arm-none-eabi/7.3.1/../../../../arm-none-eabi/lib/thumb/v6-m\libc.a(lib_a-exit.o)
                              c:/ac6/systemworkbench/plugins/fr.ac6.mcu.externaltools.arm-none.win32_1.17.0.201812190825/tools/compiler/bin/../lib/gcc/arm-none-eabi/7.3.1/../../../../arm-none-eabi/lib/thumb/v6-m/crt0.o (exit)
c:/ac6/systemworkbench/plugins/fr.ac6.mcu.externaltools.arm-none.win32_1.17.0.201812190825/tools/compiler/bin/../lib/gcc/arm-none-eabi/7.3.1/../../../../arm-none-eabi/lib/thumb/v6-m\libc.a(lib_a-impure.o)
                              c:/ac6/systemworkbench/plugins/fr.ac6.mcu.externaltools.arm-none.win32_1.17.0.201812190825/tools/compiler/bin/../lib/gcc/arm-none-eabi/7.3.1/../../../../arm-none-eabi/lib/thumb/v6-m\libc.a(lib_a-exit.o) (_global_impure_ptr)
c:/ac6/systemworkbench/plugins/fr.ac6.mcu.externaltools.arm-none.win32_1.17.0.201812190825/tools/compiler/bin/../lib/gcc/arm-none-eabi/7.3.1/../../../../arm-none-eabi/lib/thumb/v6-m\libc.a(lib_a-init.o)
                              c:/ac6/systemworkbench/plugins/fr.ac6.mcu.externaltools.arm-none.win32_1.17.0.201812190825/tools/compiler/bin/../lib/gcc/arm-none-eabi/7.3.1/../../../../arm-none-eabi/lib/thumb/v6-m/crt0.o (__libc_init_array)
c:/ac6/systemworkbench/plugins/fr.ac6.mcu.externaltools.arm-none.win32_1.17.0.201812190825/tools/compiler/bin/../lib/gcc/arm-none-eabi/7.3.1/../../../../arm-none-eabi/lib/thumb/v6-m\libc.a(lib_a-memset.o)
                              c:/ac6/systemworkbench/plugins/fr.ac6.mcu.externaltools.arm-none.win32_1.17.0.201812190825/tools/compiler/bin/../lib/gcc/arm-none-eabi/7.3.1/../../../../arm-none-eabi/lib/thumb/v6-m/crt0.o (memset)
c:/ac6/systemworkbench/plugins/fr.ac6.mcu.externaltools.arm-none.win32_1.17.0.201812190825/tools/compiler/bin/../lib/gcc/arm-none-eabi/7.3.1/../../../../arm-none-eabi/lib/thumb/v6-m\libc.a(lib_a-__call_atexit.o)
                              c:/ac6/systemworkbench/plugins/fr.ac6.mcu.externaltools.arm-none.win32_1.17.0.201812190825/tools/compiler/bin/../lib/gcc/arm-none-eabi/7.3.1/../../../../arm-none-eabi/lib/thumb/v6-m\libc.a(lib_a-exit.o) (__call_exitprocs)
c:/ac6/systemworkbench/plugins/fr.ac6.mcu.externaltools.arm-none.win32_1.17.0.201812190825/tools/compiler/bin/../lib/gcc/arm-none-eabi/7.3.1/../../../../arm-none-eabi/lib/thumb/v6-m\libc.a(lib_a-atexit.o)
                              c:/ac6/systemworkbench/plugins/fr.ac6.mcu.externaltools.arm-none.win32_1.17.0.201812190825/tools/compiler/bin/../lib/gcc/arm-none-eabi/7.3.1/../../../../arm-none-eabi/lib/thumb/v6-m\libc.a(lib_a-__call_atexit.o) (atexit)
c:/ac6/systemworkbench/plugins/fr.ac6.mcu.externaltools.arm-none.win32_1.17.0.201812190825/tools/compiler/bin/../lib/gcc/arm-none-eabi/7.3.1/../../../../arm-none-eabi/lib/thumb/v6-m\libc.a(lib_a-fini.o)
                              c:/ac6/systemworkbench/plugins/fr.ac6.mcu.externaltools.arm-none.win32_1.17.0.201812190825/tools/compiler/bin/../lib/gcc/arm-none-eabi/7.3.1/../../../../arm-none-eabi/lib/thumb/v6-m\libc.a(lib_a-__call_atexit.o) (__libc_fini_array)
c:/ac6/systemworkbench/plugins/fr.ac6.mcu.externaltools.arm-none.win32_1.17.0.201812190825/tools/compiler/bin/../lib/gcc/arm-none-eabi/7.3.1/../../../../arm-none-eabi/lib/thumb/v6-m\libc.a(lib_a-lock.o)
                              c:/ac6/systemworkbench/plugins/fr.ac6.mcu.externaltools.arm-none.win32_1.17.0.201812190825/tools/compiler/bin/../lib/gcc/arm-none-eabi/7.3.1/../../../../arm-none-eabi/lib/thumb/v6-m\libc.a(lib_a-__call_atexit.o) (__retarget_lock_acquire_recursive)
c:/ac6/systemworkbench/plugins/fr.ac6.mcu.externaltools.arm-none.win32_1.17.0.201812190825/tools/compiler/bin/../lib/gcc/arm-none-eabi/7.3.1/../../../../arm-none-eabi/lib/thumb/v6-m\libc.a(lib_a-__atexit.o)
[...]
Memory Configuration

Name             Origin             Length             Attributes
RAM              0x20000000         0x00008000         xrw
ROM              0x08000000         0x00040000         xr
*default*        0x00000000         0xffffffff

Linker script and memory map

LOAD c:/ac6/systemworkbench/plugins/fr.ac6.mcu.externaltools.arm-none.win32_1.17.0.201812190825/tools/compiler/bin/../lib/gcc/arm-none-eabi/7.3.1/thumb/v6-m/crti.o
LOAD c:/ac6/systemworkbench/plugins/fr.ac6.mcu.externaltools.arm-none.win32_1.17.0.201812190825/tools/compiler/bin/../lib/gcc/arm-none-eabi/7.3.1/thumb/v6-m/crtbegin.o
LOAD c:/ac6/systemworkbench/plugins/fr.ac6.mcu.externaltools.arm-none.win32_1.17.0.201812190825/tools/compiler/bin/../lib/gcc/arm-none-eabi/7.3.1/../../../../arm-none-eabi/lib/thumb/v6-m/crt0.o
LOAD CPAL_Driver/src/stm32f0xx_i2c_cpal.o
LOAD CPAL_Driver/src/stm32f0xx_i2c_cpal_hal.o
LOAD CPAL_Driver/src/stm32f0xx_i2c_cpal_usercallback_template.o
LOAD StdPeriph_Driver/src/stm32f0xx_adc.o
LOAD StdPeriph_Driver/src/stm32f0xx_can.o
LOAD StdPeriph_Driver/src/stm32f0xx_cec.o
LOAD StdPeriph_Driver/src/stm32f0xx_comp.o
LOAD StdPeriph_Driver/src/stm32f0xx_crc.o
LOAD StdPeriph_Driver/src/stm32f0xx_crs.o
LOAD StdPeriph_Driver/src/stm32f0xx_dac.o
LOAD StdPeriph_Driver/src/stm32f0xx_dbgmcu.o
LOAD StdPeriph_Driver/src/stm32f0xx_dma.o
LOAD StdPeriph_Driver/src/stm32f0xx_exti.o
LOAD StdPeriph_Driver/src/stm32f0xx_flash.o
LOAD StdPeriph_Driver/src/stm32f0xx_gpio.o
LOAD StdPeriph_Driver/src/stm32f0xx_i2c.o
LOAD StdPeriph_Driver/src/stm32f0xx_iwdg.o
LOAD StdPeriph_Driver/src/stm32f0xx_misc.o
LOAD StdPeriph_Driver/src/stm32f0xx_pwr.o
LOAD StdPeriph_Driver/src/stm32f0xx_rcc.o
LOAD StdPeriph_Driver/src/stm32f0xx_rtc.o
LOAD StdPeriph_Driver/src/stm32f0xx_spi.o
LOAD StdPeriph_Driver/src/stm32f0xx_syscfg.o
LOAD StdPeriph_Driver/src/stm32f0xx_tim.o
LOAD StdPeriph_Driver/src/stm32f0xx_usart.o
LOAD StdPeriph_Driver/src/stm32f0xx_wwdg.o
LOAD src/finger.o
LOAD src/main.o
LOAD src/syscalls.o
LOAD src/system_stm32f0xx.o
LOAD startup/startup_stm32.o
LOAD c:/ac6/systemworkbench/plugins/fr.ac6.mcu.externaltools.arm-none.win32_1.17.0.201812190825/tools/compiler/bin/../lib/gcc/arm-none-eabi/7.3.1/../../../../arm-none-eabi/lib/thumb/v6-m\libm.a
START GROUP
LOAD c:/ac6/systemworkbench/plugins/fr.ac6.mcu.externaltools.arm-none.win32_1.17.0.201812190825/tools/compiler/bin/../lib/gcc/arm-none-eabi/7.3.1/thumb/v6-m\libgcc.a
LOAD c:/ac6/systemworkbench/plugins/fr.ac6.mcu.externaltools.arm-none.win32_1.17.0.201812190825/tools/compiler/bin/../lib/gcc/arm-none-eabi/7.3.1/../../../../arm-none-eabi/lib/thumb/v6-m\libc.a
END GROUP
LOAD c:/ac6/systemworkbench/plugins/fr.ac6.mcu.externaltools.arm-none.win32_1.17.0.201812190825/tools/compiler/bin/../lib/gcc/arm-none-eabi/7.3.1/thumb/v6-m/crtend.o
LOAD c:/ac6/systemworkbench/plugins/fr.ac6.mcu.externaltools.arm-none.win32_1.17.0.201812190825/tools/compiler/bin/../lib/gcc/arm-none-eabi/7.3.1/thumb/v6-m/crtn.o
                0x20008000                _estack = 0x20008000
                0x00000000                _Min_Heap_Size = 0x0
                0x00000400                _Min_Stack_Size = 0x400

.isr_vector     0x08000000       0xc0
                0x08000000                . = ALIGN (0x4)
 *(.isr_vector)
 .isr_vector    0x08000000       0xc0 startup/startup_stm32.o
                0x08000000                g_pfnVectors
                0x080000c0                . = ALIGN (0x4)

.text           0x080000c0     0x117c
                0x080000c0                . = ALIGN (0x4)
 *(.text)
 .text          0x080000c0       0x48 c:/ac6/systemworkbench/plugins/fr.ac6.mcu.externaltools.arm-none.win32_1.17.0.201812190825/tools/compiler/bin/../lib/gcc/arm-none-eabi/7.3.1/thumb/v6-m/crtbegin.o
 *(.text*)
 .text.CPAL_I2C_EV_IRQHandler
                0x08000108      0x104 CPAL_Driver/src/stm32f0xx_i2c_cpal.o
                0x08000108                CPAL_I2C_EV_IRQHandler
 .text.CPAL_I2C_ER_IRQHandler
                0x0800020c       0x90 CPAL_Driver/src/stm32f0xx_i2c_cpal.o
                0x0800020c                CPAL_I2C_ER_IRQHandler
 .text.SysTick_Handler
                0x0800029c       0xa4 CPAL_Driver/src/stm32f0xx_i2c_cpal.o
                0x0800029c                SysTick_Handler
 .text.CPAL_I2C_Timeout
                0x08000340       0x2e CPAL_Driver/src/stm32f0xx_i2c_cpal.o
 *fill*         0x0800036e        0x2 
 .text.I2C_MASTER_TCR_Handle
                0x08000370      0x114 CPAL_Driver/src/stm32f0xx_i2c_cpal.o
 .text.I2C_MASTER_TC_Handle
                0x08000484       0xd0 CPAL_Driver/src/stm32f0xx_i2c_cpal.o
 .text.I2C_MASTER_STOP_Handle
                0x08000554      0x120 CPAL_Driver/src/stm32f0xx_i2c_cpal.o
 .text.I2C_MASTER_NACK_Handle
                0x08000674       0x2c CPAL_Driver/src/stm32f0xx_i2c_cpal.o
 .text.I2C_MASTER_TXIS_Handle
                0x080006a0       0x4c CPAL_Driver/src/stm32f0xx_i2c_cpal.o
 .text.I2C_MASTER_RXNE_Handle
                0x080006ec       0x4c CPAL_Driver/src/stm32f0xx_i2c_cpal.o
 .text.I2C_SLAVE_ADDR_Handle
                0x08000738       0x58 CPAL_Driver/src/stm32f0xx_i2c_cpal.o
 .text.I2C_SLAVE_STOP_Handle
                0x08000790      0x12c CPAL_Driver/src/stm32f0xx_i2c_cpal.o
 .text.I2C_SLAVE_NACK_Handle
                0x080008bc       0x8c CPAL_Driver/src/stm32f0xx_i2c_cpal.o
 .text.I2C_SLAVE_TXIS_Handle
                0x08000948       0x58 CPAL_Driver/src/stm32f0xx_i2c_cpal.o
 .text.I2C_SLAVE_RXNE_Handle
                0x080009a0       0xac CPAL_Driver/src/stm32f0xx_i2c_cpal.o
 .text.I2C1_IRQHandler
                0x08000a4c       0x44 CPAL_Driver/src/stm32f0xx_i2c_cpal_hal.o
                0x08000a4c                I2C1_IRQHandler
 .text.I2C2_IRQHandler
                0x08000a90       0x44 CPAL_Driver/src/stm32f0xx_i2c_cpal_hal.o
                0x08000a90                I2C2_IRQHandler
 .text.CPAL_TIMEOUT_UserCallback
                0x08000ad4       0x12 CPAL_Driver/src/stm32f0xx_i2c_cpal_usercallback_template.o
                0x08000ad4                CPAL_TIMEOUT_UserCallback
 *fill*         0x08000ae6        0x2 
 .text.init_usart_1
                0x08000ae8       0xf8 src/finger.o
                0x08000ae8                init_usart_1
 .text.finger_check_user
                0x08000be0       0x30 src/finger.o
                0x08000be0                finger_check_user
 .text.finger_send_command
                0x08000c10       0x78 src/finger.o
                0x08000c10                finger_send_command
 .text.finger_add_user
                0x08000c88      0x104 src/finger.o
                0x08000c88                finger_add_user
 .text.init_test
                0x08000d8c       0x74 src/finger.o
                0x08000d8c                init_test
 .text.finger_test
                0x08000e00       0x6c src/finger.o
                0x08000e00                finger_test
 .text.EXTI2_3_IRQHandler
                0x08000e6c       0x40 src/main.o
                0x08000e6c                EXTI2_3_IRQHandler
 .text.main     0x08000eac       0x18 src/main.o
                0x08000eac                main
 .text.SystemInit
                0x08000ec4       0x8c src/system_stm32f0xx.o
                0x08000ec4                SystemInit
 .text.SetSysClock
                0x08000f50       0xe0 src/system_stm32f0xx.o
 .text.Reset_Handler
                0x08001030       0x50 startup/startup_stm32.o
                0x08001030                Reset_Handler
 .text.Default_Handler
                0x08001080        0x2 startup/startup_stm32.o
                0x08001080                DMA1_CH4_5_6_7_DMA2_CH3_4_5_IRQHandler
                0x08001080                TIM1_CC_IRQHandler
                0x08001080                TSC_IRQHandler
                0x08001080                HardFault_Handler
                0x08001080                PVD_IRQHandler
                0x08001080                PendSV_Handler
                0x08001080                NMI_Handler
                0x08001080                RCC_CRS_IRQHandler
                0x08001080                SPI1_IRQHandler
                0x08001080                TIM6_DAC_IRQHandler
                0x08001080                TIM17_IRQHandler
                0x08001080                CEC_CAN_IRQHandler
                0x08001080                RTC_IRQHandler
                0x08001080                TIM16_IRQHandler
                0x08001080                TIM3_IRQHandler
                0x08001080                EXTI4_15_IRQHandler
                0x08001080                Default_Handler
                0x08001080                DMA1_CH2_3_DMA2_CH1_2_IRQHandler
                0x08001080                TIM14_IRQHandler
                0x08001080                TIM7_IRQHandler
                0x08001080                TIM15_IRQHandler
                0x08001080                EXTI0_1_IRQHandler
                0x08001080                USB_IRQHandler
                0x08001080                SPI2_IRQHandler
                0x08001080                DMA1_CH1_IRQHandler
                0x08001080                SVC_Handler
                0x08001080                WWDG_IRQHandler
                0x08001080                TIM2_IRQHandler
                0x08001080                ADC_COMP_IRQHandler
                0x08001080                USART2_IRQHandler
                0x08001080                USART3_4_5_6_7_8_IRQHandler
                0x08001080                FLASH_IRQHandler
                0x08001080                USART1_IRQHandler
                0x08001080                TIM1_BRK_UP_TRG_COM_IRQHandler
 *fill*         0x08001082        0x2 
 .text.__libc_init_array
                0x08001084       0x48 c:/ac6/systemworkbench/plugins/fr.ac6.mcu.externaltools.arm-none.win32_1.17.0.201812190825/tools/compiler/bin/../lib/gcc/arm-none-eabi/7.3.1/../../../../arm-none-eabi/lib/thumb/v6-m\libc.a(lib_a-init.o)
                0x08001084                __libc_init_array
 .text.startup.register_fini
                0x080010cc       0x18 c:/ac6/systemworkbench/plugins/fr.ac6.mcu.externaltools.arm-none.win32_1.17.0.201812190825/tools/compiler/bin/../lib/gcc/arm-none-eabi/7.3.1/../../../../arm-none-eabi/lib/thumb/v6-m\libc.a(lib_a-__call_atexit.o)
 .text.atexit   0x080010e4       0x10 c:/ac6/systemworkbench/plugins/fr.ac6.mcu.externaltools.arm-none.win32_1.17.0.201812190825/tools/compiler/bin/../lib/gcc/arm-none-eabi/7.3.1/../../../../arm-none-eabi/lib/thumb/v6-m\libc.a(lib_a-atexit.o)
                0x080010e4                atexit
 .text.__libc_fini_array
                0x080010f4       0x34 c:/ac6/systemworkbench/plugins/fr.ac6.mcu.externaltools.arm-none.win32_1.17.0.201812190825/tools/compiler/bin/../lib/gcc/arm-none-eabi/7.3.1/../../../../arm-none-eabi/lib/thumb/v6-m\libc.a(lib_a-fini.o)
                0x080010f4                __libc_fini_array
 .text.__retarget_lock_acquire_recursive
                0x08001128        0x4 c:/ac6/systemworkbench/plugins/fr.ac6.mcu.externaltools.arm-none.win32_1.17.0.201812190825/tools/compiler/bin/../lib/gcc/arm-none-eabi/7.3.1/../../../../arm-none-eabi/lib/thumb/v6-m\libc.a(lib_a-lock.o)
                0x08001128                __retarget_lock_acquire_recursive
 .text.__retarget_lock_release_recursive
                0x0800112c        0x4 c:/ac6/systemworkbench/plugins/fr.ac6.mcu.externaltools.arm-none.win32_1.17.0.201812190825/tools/compiler/bin/../lib/gcc/arm-none-eabi/7.3.1/../../../../arm-none-eabi/lib/thumb/v6-m\libc.a(lib_a-lock.o)
                0x0800112c                __retarget_lock_release_recursive
 .text.__register_exitproc
                0x08001130       0xf4 c:/ac6/systemworkbench/plugins/fr.ac6.mcu.externaltools.arm-none.win32_1.17.0.201812190825/tools/compiler/bin/../lib/gcc/arm-none-eabi/7.3.1/../../../../arm-none-eabi/lib/thumb/v6-m\libc.a(lib_a-__atexit.o)
                0x08001130                __register_exitproc
 *(.glue_7)
 .glue_7        0x08001224        0x0 linker stubs
 *(.glue_7t)
 .glue_7t       0x08001224        0x0 linker stubs
 *(.eh_frame)
 .eh_frame      0x08001224        0x0 c:/ac6/systemworkbench/plugins/fr.ac6.mcu.externaltools.arm-none.win32_1.17.0.201812190825/tools/compiler/bin/../lib/gcc/arm-none-eabi/7.3.1/thumb/v6-m/crtbegin.o
 *(.init)
 .init          0x08001224        0x4 c:/ac6/systemworkbench/plugins/fr.ac6.mcu.externaltools.arm-none.win32_1.17.0.201812190825/tools/compiler/bin/../lib/gcc/arm-none-eabi/7.3.1/thumb/v6-m/crti.o
                0x08001224                _init
 .init          0x08001228        0x8 c:/ac6/systemworkbench/plugins/fr.ac6.mcu.externaltools.arm-none.win32_1.17.0.201812190825/tools/compiler/bin/../lib/gcc/arm-none-eabi/7.3.1/thumb/v6-m/crtn.o
 *(.fini)
 .fini          0x08001230        0x4 c:/ac6/systemworkbench/plugins/fr.ac6.mcu.externaltools.arm-none.win32_1.17.0.201812190825/tools/compiler/bin/../lib/gcc/arm-none-eabi/7.3.1/thumb/v6-m/crti.o
                0x08001230                _fini
 .fini          0x08001234        0x8 c:/ac6/systemworkbench/plugins/fr.ac6.mcu.externaltools.arm-none.win32_1.17.0.201812190825/tools/compiler/bin/../lib/gcc/arm-none-eabi/7.3.1/thumb/v6-m/crtn.o
                0x0800123c                . = ALIGN (0x4)
                0x0800123c                _etext = .

.vfp11_veneer   0x0800123c        0x0
 .vfp11_veneer  0x0800123c        0x0 linker stubs

.v4_bx          0x0800123c        0x0
 .v4_bx         0x0800123c        0x0 linker stubs

.iplt           0x0800123c        0x0
 .iplt          0x0800123c        0x0 c:/ac6/systemworkbench/plugins/fr.ac6.mcu.externaltools.arm-none.win32_1.17.0.201812190825/tools/compiler/bin/../lib/gcc/arm-none-eabi/7.3.1/thumb/v6-m/crtbegin.o

.rodata         0x0800123c       0x14
                0x0800123c                . = ALIGN (0x4)
 *(.rodata)
 .rodata        0x0800123c       0x10 src/finger.o
 *(.rodata*)
 .rodata._global_impure_ptr
                0x0800124c        0x4 c:/ac6/systemworkbench/plugins/fr.ac6.mcu.externaltools.arm-none.win32_1.17.0.201812190825/tools/compiler/bin/../lib/gcc/arm-none-eabi/7.3.1/../../../../arm-none-eabi/lib/thumb/v6-m\libc.a(lib_a-impure.o)
                0x0800124c                _global_impure_ptr
                0x08001250                . = ALIGN (0x4)

.rel.dyn        0x08001250        0x0
 .rel.iplt      0x08001250        0x0 c:/ac6/systemworkbench/plugins/fr.ac6.mcu.externaltools.arm-none.win32_1.17.0.201812190825/tools/compiler/bin/../lib/gcc/arm-none-eabi/7.3.1/thumb/v6-m/crtbegin.o

.ARM.extab      0x08001250        0x0
                0x08001250                . = ALIGN (0x4)
 *(.ARM.extab* .gnu.linkonce.armextab.*)
                0x08001250                . = ALIGN (0x4)

.ARM            0x08001250        0x0
                0x08001250                . = ALIGN (0x4)
                0x08001250                __exidx_start = .
 *(.ARM.exidx*)
                0x08001250                __exidx_end = .
                0x08001250                . = ALIGN (0x4)

.preinit_array  0x08001250        0x0
                0x08001250                . = ALIGN (0x4)
                0x08001250                PROVIDE (__preinit_array_start = .)
 *(.preinit_array*)
                0x08001250                PROVIDE (__preinit_array_end = .)
                0x08001250                . = ALIGN (0x4)

.init_array     0x08001250        0x8
                0x08001250                . = ALIGN (0x4)
                0x08001250                PROVIDE (__init_array_start = .)
 *(SORT_BY_NAME(.init_array.*))
 .init_array.00000
                0x08001250        0x4 c:/ac6/systemworkbench/plugins/fr.ac6.mcu.externaltools.arm-none.win32_1.17.0.201812190825/tools/compiler/bin/../lib/gcc/arm-none-eabi/7.3.1/../../../../arm-none-eabi/lib/thumb/v6-m\libc.a(lib_a-__call_atexit.o)
 *(.init_array*)
 .init_array    0x08001254        0x4 c:/ac6/systemworkbench/plugins/fr.ac6.mcu.externaltools.arm-none.win32_1.17.0.201812190825/tools/compiler/bin/../lib/gcc/arm-none-eabi/7.3.1/thumb/v6-m/crtbegin.o
                0x08001258                PROVIDE (__init_array_end = .)
                0x08001258                . = ALIGN (0x4)

.fini_array     0x08001258        0x4
                0x08001258                . = ALIGN (0x4)
                0x08001258                PROVIDE (__fini_array_start = .)
 *(SORT_BY_NAME(.fini_array.*))
 *(.fini_array*)
 .fini_array    0x08001258        0x4 c:/ac6/systemworkbench/plugins/fr.ac6.mcu.externaltools.arm-none.win32_1.17.0.201812190825/tools/compiler/bin/../lib/gcc/arm-none-eabi/7.3.1/thumb/v6-m/crtbegin.o
                0x0800125c                PROVIDE (__fini_array_end = .)
                0x0800125c                . = ALIGN (0x4)
                0x0800125c                _sidata = LOADADDR (.data)

.data           0x20000000      0x4a4 load address 0x0800125c
                0x20000000                . = ALIGN (0x4)
                0x20000000                _sdata = .
 *(.data)
 .data          0x20000000       0x78 CPAL_Driver/src/stm32f0xx_i2c_cpal_hal.o
                0x20000000                I2C_DevStructures
                0x20000008                I2C1_DevStructure
                0x20000028                I2C2_DevStructure
                0x20000048                CPAL_I2C_DEVICE
                0x20000050                CPAL_I2C_SCL_GPIO_PORT
                0x20000058                CPAL_I2C_SDA_GPIO_PORT
                0x20000060                CPAL_I2C_DMA_TX_Channel
                0x20000068                CPAL_I2C_DMA_RX_Channel
                0x20000070                CPAL_I2C_DMA
 *(.data*)
 .data.impure_data
                0x20000078      0x428 c:/ac6/systemworkbench/plugins/fr.ac6.mcu.externaltools.arm-none.win32_1.17.0.201812190825/tools/compiler/bin/../lib/gcc/arm-none-eabi/7.3.1/../../../../arm-none-eabi/lib/thumb/v6-m\libc.a(lib_a-impure.o)
 .data.__atexit_recursive_mutex
                0x200004a0        0x4 c:/ac6/systemworkbench/plugins/fr.ac6.mcu.externaltools.arm-none.win32_1.17.0.201812190825/tools/compiler/bin/../lib/gcc/arm-none-eabi/7.3.1/../../../../arm-none-eabi/lib/thumb/v6-m\libc.a(lib_a-__call_atexit.o)
                0x200004a0                __atexit_recursive_mutex
                0x200004a4                . = ALIGN (0x4)
                0x200004a4                _edata = .

.igot.plt       0x200004a4        0x0 load address 0x08001700
 .igot.plt      0x200004a4        0x0 c:/ac6/systemworkbench/plugins/fr.ac6.mcu.externaltools.arm-none.win32_1.17.0.201812190825/tools/compiler/bin/../lib/gcc/arm-none-eabi/7.3.1/thumb/v6-m/crtbegin.o
                0x200004a4                . = ALIGN (0x4)

.bss            0x200004a4       0x50 load address 0x08001700
                0x200004a4                _sbss = .
                0x200004a4                __bss_start__ = _sbss
 *(.bss)
 .bss           0x200004a4       0x1c c:/ac6/systemworkbench/plugins/fr.ac6.mcu.externaltools.arm-none.win32_1.17.0.201812190825/tools/compiler/bin/../lib/gcc/arm-none-eabi/7.3.1/thumb/v6-m/crtbegin.o
 .bss           0x200004c0        0x8 CPAL_Driver/src/stm32f0xx_i2c_cpal.o
                0x200004c0                Num_Data
                0x200004c4                CR2_tmp
 .bss           0x200004c8        0x8 src/finger.o
 *(.bss*)
 *(COMMON)
 COMMON         0x200004d0       0x21 c:/ac6/systemworkbench/plugins/fr.ac6.mcu.externaltools.arm-none.win32_1.17.0.201812190825/tools/compiler/bin/../lib/gcc/arm-none-eabi/7.3.1/../../../../arm-none-eabi/lib/thumb/v6-m\libc.a(lib_a-lock.o)
                0x200004d0                __lock___atexit_recursive_mutex
                0x200004d4                __lock___arc4random_mutex
                0x200004d8                __lock___env_recursive_mutex
                0x200004dc                __lock___sinit_recursive_mutex
                0x200004e0                __lock___malloc_recursive_mutex
                0x200004e4                __lock___at_quick_exit_mutex
                0x200004e8                __lock___dd_hash_mutex
                0x200004ec                __lock___tz_mutex
                0x200004f0                __lock___sfp_recursive_mutex
                0x200004f4                . = ALIGN (0x4)
 *fill*         0x200004f1        0x3 
                0x200004f4                _ebss = .
                0x200004f4                __bss_end__ = _ebss

._user_heap_stack
                0x200004f4      0x404 load address 0x08001700
                0x200004f8                . = ALIGN (0x8)
 *fill*         0x200004f4        0x4 
                0x200004f8                PROVIDE (end = .)
                [!provide]                PROVIDE (_end = .)
                0x200004f8                . = (. + _Min_Heap_Size)
                0x200008f8                . = (. + _Min_Stack_Size)
 *fill*         0x200004f8      0x400 
                0x200008f8                . = ALIGN (0x8)

/DISCARD/
 libc.a(*)
 libm.a(*)
 libgcc.a(*)

.ARM.attributes
                0x00000000       0x28
 *(.ARM.attributes)
 .ARM.attributes
                0x00000000       0x1e c:/ac6/systemworkbench/plugins/fr.ac6.mcu.externaltools.arm-none.win32_1.17.0.201812190825/tools/compiler/bin/../lib/gcc/arm-none-eabi/7.3.1/thumb/v6-m/crti.o
 .ARM.attributes
                0x0000001e       0x2c c:/ac6/systemworkbench/plugins/fr.ac6.mcu.externaltools.arm-none.win32_1.17.0.201812190825/tools/compiler/bin/../lib/gcc/arm-none-eabi/7.3.1/thumb/v6-m/crtbegin.o
 .ARM.attributes
                0x0000004a       0x31 CPAL_Driver/src/stm32f0xx_i2c_cpal.o
 .ARM.attributes
                0x0000007b       0x31 CPAL_Driver/src/stm32f0xx_i2c_cpal_hal.o
 .ARM.attributes
                0x000000ac       0x31 CPAL_Driver/src/stm32f0xx_i2c_cpal_usercallback_template.o
 .ARM.attributes
                0x000000dd       0x31 src/finger.o
 .ARM.attributes
                0x0000010e       0x31 src/main.o
 .ARM.attributes
                0x0000013f       0x31 src/system_stm32f0xx.o
 .ARM.attributes
                0x00000170       0x21 startup/startup_stm32.o
 .ARM.attributes
                0x00000191       0x2c c:/ac6/systemworkbench/plugins/fr.ac6.mcu.externaltools.arm-none.win32_1.17.0.201812190825/tools/compiler/bin/../lib/gcc/arm-none-eabi/7.3.1/../../../../arm-none-eabi/lib/thumb/v6-m\libc.a(lib_a-impure.o)
 .ARM.attributes
                0x000001bd       0x2c c:/ac6/systemworkbench/plugins/fr.ac6.mcu.externaltools.arm-none.win32_1.17.0.201812190825/tools/compiler/bin/../lib/gcc/arm-none-eabi/7.3.1/../../../../arm-none-eabi/lib/thumb/v6-m\libc.a(lib_a-init.o)
 .ARM.attributes
                0x000001e9       0x2c c:/ac6/systemworkbench/plugins/fr.ac6.mcu.externaltools.arm-none.win32_1.17.0.201812190825/tools/compiler/bin/../lib/gcc/arm-none-eabi/7.3.1/../../../../arm-none-eabi/lib/thumb/v6-m\libc.a(lib_a-__call_atexit.o)
 .ARM.attributes
                0x00000215       0x2c c:/ac6/systemworkbench/plugins/fr.ac6.mcu.externaltools.arm-none.win32_1.17.0.201812190825/tools/compiler/bin/../lib/gcc/arm-none-eabi/7.3.1/../../../../arm-none-eabi/lib/thumb/v6-m\libc.a(lib_a-atexit.o)
 .ARM.attributes
                0x00000241       0x2c c:/ac6/systemworkbench/plugins/fr.ac6.mcu.externaltools.arm-none.win32_1.17.0.201812190825/tools/compiler/bin/../lib/gcc/arm-none-eabi/7.3.1/../../../../arm-none-eabi/lib/thumb/v6-m\libc.a(lib_a-fini.o)
 .ARM.attributes
                0x0000026d       0x2c c:/ac6/systemworkbench/plugins/fr.ac6.mcu.externaltools.arm-none.win32_1.17.0.201812190825/tools/compiler/bin/../lib/gcc/arm-none-eabi/7.3.1/../../../../arm-none-eabi/lib/thumb/v6-m\libc.a(lib_a-lock.o)
 .ARM.attributes
                0x00000299       0x2c c:/ac6/systemworkbench/plugins/fr.ac6.mcu.externaltools.arm-none.win32_1.17.0.201812190825/tools/compiler/bin/../lib/gcc/arm-none-eabi/7.3.1/../../../../arm-none-eabi/lib/thumb/v6-m\libc.a(lib_a-__atexit.o)
 .ARM.attributes
                0x000002c5       0x1e c:/ac6/systemworkbench/plugins/fr.ac6.mcu.externaltools.arm-none.win32_1.17.0.201812190825/tools/compiler/bin/../lib/gcc/arm-none-eabi/7.3.1/thumb/v6-m/crtn.o
OUTPUT(multifactor.elf elf32-littlearm)

.debug_info     0x00000000     0x30aa
 .debug_info    0x00000000      0xcf7 CPAL_Driver/src/stm32f0xx_i2c_cpal.o
 .debug_info    0x00000cf7      0xdd4 CPAL_Driver/src/stm32f0xx_i2c_cpal_hal.o
 .debug_info    0x00001acb      0x344 CPAL_Driver/src/stm32f0xx_i2c_cpal_usercallback_template.o
 .debug_info    0x00001e0f      0xcf6 src/finger.o
 .debug_info    0x00002b05      0x27d src/main.o
 .debug_info    0x00002d82      0x306 src/system_stm32f0xx.o
 .debug_info    0x00003088       0x22 startup/startup_stm32.o

.debug_abbrev   0x00000000      0xa23
 .debug_abbrev  0x00000000      0x258 CPAL_Driver/src/stm32f0xx_i2c_cpal.o
 .debug_abbrev  0x00000258      0x1ee CPAL_Driver/src/stm32f0xx_i2c_cpal_hal.o
 .debug_abbrev  0x00000446       0xe6 CPAL_Driver/src/stm32f0xx_i2c_cpal_usercallback_template.o
 .debug_abbrev  0x0000052c      0x278 src/finger.o
 .debug_abbrev  0x000007a4      0x112 src/main.o
 .debug_abbrev  0x000008b6      0x15b src/system_stm32f0xx.o
 .debug_abbrev  0x00000a11       0x12 startup/startup_stm32.o

.debug_aranges  0x00000000      0x270
 .debug_aranges
                0x00000000       0xe8 CPAL_Driver/src/stm32f0xx_i2c_cpal.o
 .debug_aranges
                0x000000e8       0x88 CPAL_Driver/src/stm32f0xx_i2c_cpal_hal.o
 .debug_aranges
                0x00000170       0x20 CPAL_Driver/src/stm32f0xx_i2c_cpal_usercallback_template.o
 .debug_aranges
                0x00000190       0x48 src/finger.o
 .debug_aranges
                0x000001d8       0x40 src/main.o
 .debug_aranges
                0x00000218       0x30 src/system_stm32f0xx.o
 .debug_aranges
                0x00000248       0x28 startup/startup_stm32.o

.debug_ranges   0x00000000      0x208
 .debug_ranges  0x00000000       0xd8 CPAL_Driver/src/stm32f0xx_i2c_cpal.o
 .debug_ranges  0x000000d8       0x78 CPAL_Driver/src/stm32f0xx_i2c_cpal_hal.o
 .debug_ranges  0x00000150       0x10 CPAL_Driver/src/stm32f0xx_i2c_cpal_usercallback_template.o
 .debug_ranges  0x00000160       0x38 src/finger.o
 .debug_ranges  0x00000198       0x30 src/main.o
 .debug_ranges  0x000001c8       0x20 src/system_stm32f0xx.o
 .debug_ranges  0x000001e8       0x20 startup/startup_stm32.o

.debug_macro    0x00000000     0xcdcf
 .debug_macro   0x00000000      0x1d2 CPAL_Driver/src/stm32f0xx_i2c_cpal.o
 .debug_macro   0x000001d2      0xa5a CPAL_Driver/src/stm32f0xx_i2c_cpal.o
 .debug_macro   0x00000c2c       0x81 CPAL_Driver/src/stm32f0xx_i2c_cpal.o
 .debug_macro   0x00000cad       0x3a CPAL_Driver/src/stm32f0xx_i2c_cpal.o
 .debug_macro   0x00000ce7       0x22 CPAL_Driver/src/stm32f0xx_i2c_cpal.o
 .debug_macro   0x00000d09       0x8e CPAL_Driver/src/stm32f0xx_i2c_cpal.o
 .debug_macro   0x00000d97       0x51 CPAL_Driver/src/stm32f0xx_i2c_cpal.o
 .debug_macro   0x00000de8       0xef CPAL_Driver/src/stm32f0xx_i2c_cpal.o
 .debug_macro   0x00000ed7       0x6a CPAL_Driver/src/stm32f0xx_i2c_cpal.o
 .debug_macro   0x00000f41      0x1df CPAL_Driver/src/stm32f0xx_i2c_cpal.o
 .debug_macro   0x00001120       0x1f CPAL_Driver/src/stm32f0xx_i2c_cpal.o
 .debug_macro   0x0000113f      0x242 CPAL_Driver/src/stm32f0xx_i2c_cpal.o
 .debug_macro   0x00001381     0x632a CPAL_Driver/src/stm32f0xx_i2c_cpal.o
 .debug_macro   0x000076ab      0x2eb CPAL_Driver/src/stm32f0xx_i2c_cpal.o
 .debug_macro   0x00007996      0x3cf CPAL_Driver/src/stm32f0xx_i2c_cpal.o
 .debug_macro   0x00007d65      0x191 CPAL_Driver/src/stm32f0xx_i2c_cpal.o
 .debug_macro   0x00007ef6       0x46 CPAL_Driver/src/stm32f0xx_i2c_cpal.o
 .debug_macro   0x00007f3c       0xd9 CPAL_Driver/src/stm32f0xx_i2c_cpal.o
 .debug_macro   0x00008015       0xef CPAL_Driver/src/stm32f0xx_i2c_cpal.o
 .debug_macro   0x00008104      0x184 CPAL_Driver/src/stm32f0xx_i2c_cpal.o
 .debug_macro   0x00008288       0x7c CPAL_Driver/src/stm32f0xx_i2c_cpal.o
 .debug_macro   0x00008304      0x85b CPAL_Driver/src/stm32f0xx_i2c_cpal.o
 .debug_macro   0x00008b5f       0xd5 CPAL_Driver/src/stm32f0xx_i2c_cpal.o
 .debug_macro   0x00008c34      0x2b7 CPAL_Driver/src/stm32f0xx_i2c_cpal.o
 .debug_macro   0x00008eeb      0x185 CPAL_Driver/src/stm32f0xx_i2c_cpal.o
 .debug_macro   0x00009070      0x471 CPAL_Driver/src/stm32f0xx_i2c_cpal.o
 .debug_macro   0x000094e1      0x2a0 CPAL_Driver/src/stm32f0xx_i2c_cpal.o
 .debug_macro   0x00009781       0x70 CPAL_Driver/src/stm32f0xx_i2c_cpal.o
 .debug_macro   0x000097f1       0xdf CPAL_Driver/src/stm32f0xx_i2c_cpal.o
 .debug_macro   0x000098d0      0x561 CPAL_Driver/src/stm32f0xx_i2c_cpal.o
 .debug_macro   0x00009e31      0x4c5 CPAL_Driver/src/stm32f0xx_i2c_cpal.o
 .debug_macro   0x0000a2f6      0x396 CPAL_Driver/src/stm32f0xx_i2c_cpal.o
 .debug_macro   0x0000a68c      0x750 CPAL_Driver/src/stm32f0xx_i2c_cpal.o
 .debug_macro   0x0000addc      0x356 CPAL_Driver/src/stm32f0xx_i2c_cpal.o
 .debug_macro   0x0000b132       0x34 CPAL_Driver/src/stm32f0xx_i2c_cpal.o
 .debug_macro   0x0000b166       0x3a CPAL_Driver/src/stm32f0xx_i2c_cpal.o
 .debug_macro   0x0000b1a0      0x137 CPAL_Driver/src/stm32f0xx_i2c_cpal.o
 .debug_macro   0x0000b2d7       0xab CPAL_Driver/src/stm32f0xx_i2c_cpal.o
 .debug_macro   0x0000b382      0x4d3 CPAL_Driver/src/stm32f0xx_i2c_cpal.o
 .debug_macro   0x0000b855      0x1c2 CPAL_Driver/src/stm32f0xx_i2c_cpal_hal.o
 .debug_macro   0x0000ba17      0x1c6 CPAL_Driver/src/stm32f0xx_i2c_cpal_usercallback_template.o
 .debug_macro   0x0000bbdd      0x2e8 src/finger.o
 .debug_macro   0x0000bec5       0x5e src/finger.o
 .debug_macro   0x0000bf23       0x18 src/finger.o
 .debug_macro   0x0000bf3b       0x35 src/finger.o
 .debug_macro   0x0000bf70       0x34 src/finger.o
 .debug_macro   0x0000bfa4       0x16 src/finger.o
 .debug_macro   0x0000bfba       0x97 src/finger.o
 .debug_macro   0x0000c051      0x330 src/finger.o
 .debug_macro   0x0000c381       0xfd src/finger.o
 .debug_macro   0x0000c47e       0x10 src/finger.o
 .debug_macro   0x0000c48e       0x58 src/finger.o
 .debug_macro   0x0000c4e6       0x1f src/finger.o
 .debug_macro   0x0000c505       0x43 src/finger.o
 .debug_macro   0x0000c548       0x20 src/finger.o
 .debug_macro   0x0000c568      0x18e src/finger.o
 .debug_macro   0x0000c6f6       0x10 src/finger.o
 .debug_macro   0x0000c706       0x1c src/finger.o
 .debug_macro   0x0000c722       0x52 src/finger.o
 .debug_macro   0x0000c774       0x40 src/finger.o
 .debug_macro   0x0000c7b4       0x10 src/finger.o
 .debug_macro   0x0000c7c4       0x40 src/finger.o
 .debug_macro   0x0000c804       0xd7 src/finger.o
 .debug_macro   0x0000c8db       0x1c src/finger.o
 .debug_macro   0x0000c8f7       0x3d src/finger.o
 .debug_macro   0x0000c934       0x16 src/finger.o
 .debug_macro   0x0000c94a      0x16f src/finger.o
 .debug_macro   0x0000cab9      0x18d src/main.o
 .debug_macro   0x0000cc46      0x189 src/system_stm32f0xx.o

.debug_line     0x00000000     0x302b
 .debug_line    0x00000000      0xe15 CPAL_Driver/src/stm32f0xx_i2c_cpal.o
 .debug_line    0x00000e15      0x790 CPAL_Driver/src/stm32f0xx_i2c_cpal_hal.o
 .debug_line    0x000015a5      0x63f CPAL_Driver/src/stm32f0xx_i2c_cpal_usercallback_template.o
 .debug_line    0x00001be4      0x7bc src/finger.o
 .debug_line    0x000023a0      0x605 src/main.o
 .debug_line    0x000029a5      0x60a src/system_stm32f0xx.o
 .debug_line    0x00002faf       0x7c startup/startup_stm32.o

.debug_str      0x00000000    0x53894
 .debug_str     0x00000000    0x4f059 CPAL_Driver/src/stm32f0xx_i2c_cpal.o
                              0x4f2a9 (size before relaxing)
 .debug_str     0x0004f059      0x52d CPAL_Driver/src/stm32f0xx_i2c_cpal_hal.o
                              0x4f39e (size before relaxing)
 .debug_str     0x0004f586       0x58 CPAL_Driver/src/stm32f0xx_i2c_cpal_usercallback_template.o
                              0x4ea69 (size before relaxing)
 .debug_str     0x0004f5de     0x4170 src/finger.o
                              0x4ec15 (size before relaxing)
 .debug_str     0x0005374e       0x6b src/main.o
                              0x4aa4b (size before relaxing)
 .debug_str     0x000537b9       0xb2 src/system_stm32f0xx.o
                              0x4aa8d (size before relaxing)
 .debug_str     0x0005386b       0x29 startup/startup_stm32.o
                                 0x53 (size before relaxing)

.comment        0x00000000       0x7f
 .comment       0x00000000       0x7f CPAL_Driver/src/stm32f0xx_i2c_cpal.o
                                 0x80 (size before relaxing)
 .comment       0x0000007f       0x80 CPAL_Driver/src/stm32f0xx_i2c_cpal_hal.o
 .comment       0x0000007f       0x80 CPAL_Driver/src/stm32f0xx_i2c_cpal_usercallback_template.o
 .comment       0x0000007f       0x80 src/finger.o
 .comment       0x0000007f       0x80 src/main.o
 .comment       0x0000007f       0x80 src/system_stm32f0xx.o

.debug_frame    0x00000000      0x8d8
 .debug_frame   0x00000000      0x350 CPAL_Driver/src/stm32f0xx_i2c_cpal.o
 .debug_frame   0x00000350      0x1c0 CPAL_Driver/src/stm32f0xx_i2c_cpal_hal.o
 .debug_frame   0x00000510       0x30 CPAL_Driver/src/stm32f0xx_i2c_cpal_usercallback_template.o
 .debug_frame   0x00000540       0xcc src/finger.o
 .debug_frame   0x0000060c       0xa0 src/main.o
 .debug_frame   0x000006ac       0x6c src/system_stm32f0xx.o
 .debug_frame   0x00000718       0x2c c:/ac6/systemworkbench/plugins/fr.ac6.mcu.externaltools.arm-none.win32_1.17.0.201812190825/tools/compiler/bin/../lib/gcc/arm-none-eabi/7.3.1/../../../../arm-none-eabi/lib/thumb/v6-m\libc.a(lib_a-init.o)
 .debug_frame   0x00000744       0x54 c:/ac6/systemworkbench/plugins/fr.ac6.mcu.externaltools.arm-none.win32_1.17.0.201812190825/tools/compiler/bin/../lib/gcc/arm-none-eabi/7.3.1/../../../../arm-none-eabi/lib/thumb/v6-m\libc.a(lib_a-__call_atexit.o)
 .debug_frame   0x00000798       0x28 c:/ac6/systemworkbench/plugins/fr.ac6.mcu.externaltools.arm-none.win32_1.17.0.201812190825/tools/compiler/bin/../lib/gcc/arm-none-eabi/7.3.1/../../../../arm-none-eabi/lib/thumb/v6-m\libc.a(lib_a-atexit.o)
 .debug_frame   0x000007c0       0x2c c:/ac6/systemworkbench/plugins/fr.ac6.mcu.externaltools.arm-none.win32_1.17.0.201812190825/tools/compiler/bin/../lib/gcc/arm-none-eabi/7.3.1/../../../../arm-none-eabi/lib/thumb/v6-m\libc.a(lib_a-fini.o)
 .debug_frame   0x000007ec       0xb0 c:/ac6/systemworkbench/plugins/fr.ac6.mcu.externaltools.arm-none.win32_1.17.0.201812190825/tools/compiler/bin/../lib/gcc/arm-none-eabi/7.3.1/../../../../arm-none-eabi/lib/thumb/v6-m\libc.a(lib_a-lock.o)
 .debug_frame   0x0000089c       0x3c c:/ac6/systemworkbench/plugins/fr.ac6.mcu.externaltools.arm-none.win32_1.17.0.201812190825/tools/compiler/bin/../lib/gcc/arm-none-eabi/7.3.1/../../../../arm-none-eabi/lib/thumb/v6-m\libc.a(lib_a-__atexit.o)
